// Jest Snapshot v1, https://goo.gl/fbAQLP

exports[`should render ExpenseList w empty msg 1`] = `
<div>
  <p>
    No expenses
  </p>
</div>
`;

exports[`should render ExpenseList with expenses 1`] = `
<div>
  <ExpenseListItem
    amount={195}
    createdOn={0}
    description="Gum"
    id="1"
    key="1"
    note=""
  />
  <ExpenseListItem
    amount={109500}
    createdOn={-345600000}
    description="Rent"
    id="2"
    key="2"
    note=""
  />
  <ExpenseListItem
    amount={4500}
    createdOn={345600000}
    description="Credit Card"
    id="3"
    key="3"
    note=""
  />
</div>
`;
